// Vitest Snapshot v1, https://vitest.dev/guide/snapshot.html

exports[`INTAKE-2 — persisted contract identity > EU/Global builder keys, types and stored option values are unchanged 1`] = `
[
  "controller_name|text_short|",
  "controller_address|text_short|",
  "contact_email|text_short|",
  "dpo_details|yes_no|",
  "dpo_name|text_short|",
  "dpo_email|text_short|",
  "processing_purposes|multi_choice|service_delivery,account_management,marketing,analytics,advertising,legal_compliance,security,research,payment,other",
  "data_categories|multi_choice|identifiers,commercial,internet_activity,geolocation,audio_visual,professional,education,financial,health_medical,biometric,race_ethnicity,religion,sexual_orientation,political_opinions,trade_union,criminal,children",
  "special_category_basis|multi_choice|explicit_consent,employment_law,vital_interests,non_profit,manifestly_public,legal_claims,substantial_public_interest,health_medicine,public_health,archiving_research",
  "lawful_basis|multi_choice|consent,contract,legal_obligation,vital_interests,public_task,legitimate_interests",
  "third_party_recipients|multi_choice|service_providers,analytics,advertising,regulators,affiliates,other",
  "transfer_outside_eea|yes_no|",
  "transfer_safeguards|multi_choice|adequacy,sccs,bcrs,uk_addendum,derogations,other",
  "retention_period|text_short|",
  "automated_decisions|yes_no_unsure|",
  "automated_decisions_detail|text_long|",
  "collection_source|single_choice|direct,indirect,mixed",
  "data_source_categories|multi_choice|data_brokers,public_sources,partners,public_authorities,social_web,other",
  "establishment_jurisdiction|single_choice|eea,uk,outside",
  "eu_rep_name|text_short|",
  "eu_rep_contact|text_short|",
  "transfer_destinations|text_short|",
  "adequacy_status|text_short|",
  "gdpr_controller_representative|yes_no_unsure|",
  "gdpr_uk_representative|yes_no_unsure|",
  "gdpr_dpo_mandatory|single_choice|mandatory_public_authority,mandatory_large_scale_monitoring,mandatory_large_scale_special,voluntary,not_applicable",
  "gdpr_right_to_withdraw|text_short|",
  "gdpr_right_to_object|text_short|",
  "gdpr_dpa_contact|text_short|",
  "gdpr_profiling|yes_no_unsure|",
  "gdpr_profiling_info|text_long|",
  "uk_lawful_basis_schedule|text_short|",
  "uk_ico_complaint|text_short|",
  "ch_fdpic_complaint|text_short|",
  "ch_profiling_high_risk|yes_no|",
  "lgpd_legal_basis|multi_choice|consent,legal_obligation,public_policy,research,contract,judicial,vital_interests,health,legitimate_interest,credit_protection",
  "lgpd_sensitive_data|yes_no|",
  "lgpd_children|yes_no|",
  "lgpd_dpo_name|text_short|",
  "lgpd_transfer|yes_no|",
  "lgpd_anpd_complaint|text_short|",
  "appi_purpose_specificity|text_short|",
  "appi_joint_use|yes_no|",
  "appi_joint_details|text_short|",
  "appi_third_country_transfer|yes_no|",
  "appi_specific_sensitive|yes_no|",
  "appi_ppc_complaint|text_short|",
  "dpdpa_notice_purpose|text_long|",
  "dpdpa_consent_mechanism|text_short|",
  "dpdpa_grievance_officer|text_short|",
  "dpdpa_children|yes_no|",
  "dpdpa_board_complaint|text_short|",
  "popia_information_officer|text_short|",
  "popia_purpose|text_short|",
  "popia_third_parties|yes_no|",
  "popia_special_information|yes_no|",
  "popia_regulator_complaint|text_short|",
]
`;

exports[`INTAKE-2 — persisted contract identity > RoPA activity keys, types and stored option values are unchanged 1`] = `
[
  "purpose|text_long|",
  "lawful_basis|lawful_basis|consent,contract,legal_obligation,legitimate_interests,vital_interests,public_task",
  "data_categories|text_long|",
  "data_subjects|text_short|",
  "activity_owner|text_short|",
  "collection_sources|text_long|",
  "processing_operations|multi_choice|collection,recording,organisation,structuring,storage,adaptation,retrieval,consultation,use,disclosure_transmission,dissemination,combination,restriction,erasure",
  "related_assessments|assessment_reference|",
  "retention_period|date_or_period|1y,3y,6y,7y,custom,indefinitely",
  "retention_varies_by_category|yes_no|",
  "retention_by_category|text_long|",
  "security_measures|text_long|",
  "access_controls|text_long|",
  "rights_handling_override|text_long|",
  "uses_processors|yes_no|",
  "processor_platform|text_long|",
  "purpose|text_long|",
  "lawful_basis|lawful_basis|consent,contract,legal_obligation,legitimate_interests,vital_interests,public_task",
  "data_categories|text_long|",
  "data_subjects|text_short|",
  "activity_owner|text_short|",
  "collection_sources|text_long|",
  "processing_operations|multi_choice|collection,recording,organisation,structuring,storage,adaptation,retrieval,consultation,use,disclosure_transmission,dissemination,combination,restriction,erasure",
  "related_assessments|assessment_reference|",
  "retention_period|date_or_period|1y,3y,6y,7y,custom,indefinitely",
  "retention_varies_by_category|yes_no|",
  "retention_by_category|text_long|",
  "security_measures|text_long|",
  "access_controls|text_long|",
  "rights_handling_override|text_long|",
  "uses_processors|yes_no|",
  "processor_platform|text_long|",
  "info_card|single_choice|ack",
  "purpose|text_long|",
  "lawful_basis|lawful_basis|consent,contract,legal_obligation,legitimate_interests,vital_interests,public_task",
  "data_categories|text_long|",
  "data_subjects|text_short|",
  "activity_owner|text_short|",
  "collection_sources|text_long|",
  "processing_operations|multi_choice|collection,recording,organisation,structuring,storage,adaptation,retrieval,consultation,use,disclosure_transmission,dissemination,combination,restriction,erasure",
  "related_assessments|assessment_reference|",
  "retention_period|date_or_period|1y,3y,6y,7y,custom,indefinitely",
  "retention_varies_by_category|yes_no|",
  "retention_by_category|text_long|",
  "security_measures|text_long|",
  "access_controls|text_long|",
  "rights_handling_override|text_long|",
  "purpose|text_long|",
  "lawful_basis|lawful_basis|consent,contract,legal_obligation,legitimate_interests,vital_interests,public_task",
  "data_categories|text_long|",
  "data_subjects|text_short|",
  "activity_owner|text_short|",
  "collection_sources|text_long|",
  "processing_operations|multi_choice|collection,recording,organisation,structuring,storage,adaptation,retrieval,consultation,use,disclosure_transmission,dissemination,combination,restriction,erasure",
  "related_assessments|assessment_reference|",
  "retention_period|date_or_period|1y,3y,6y,7y,custom,indefinitely",
  "retention_varies_by_category|yes_no|",
  "retention_by_category|text_long|",
  "security_measures|text_long|",
  "access_controls|text_long|",
  "rights_handling_override|text_long|",
  "uses_processors|yes_no|",
  "processor_platform|text_long|",
  "info_card|single_choice|ack",
  "purpose|text_long|",
  "lawful_basis|lawful_basis|consent,contract,legal_obligation,legitimate_interests,vital_interests,public_task",
  "data_categories|text_long|",
  "data_subjects|text_short|",
  "activity_owner|text_short|",
  "collection_sources|text_long|",
  "processing_operations|multi_choice|collection,recording,organisation,structuring,storage,adaptation,retrieval,consultation,use,disclosure_transmission,dissemination,combination,restriction,erasure",
  "related_assessments|assessment_reference|",
  "retention_period|date_or_period|1y,3y,6y,7y,custom,indefinitely",
  "retention_varies_by_category|yes_no|",
  "retention_by_category|text_long|",
  "security_measures|text_long|",
  "access_controls|text_long|",
  "rights_handling_override|text_long|",
  "purpose|text_long|",
  "lawful_basis|lawful_basis|consent,contract,legal_obligation,legitimate_interests,vital_interests,public_task",
  "data_categories|text_long|",
  "data_subjects|text_short|",
  "activity_owner|text_short|",
  "collection_sources|text_long|",
  "processing_operations|multi_choice|collection,recording,organisation,structuring,storage,adaptation,retrieval,consultation,use,disclosure_transmission,dissemination,combination,restriction,erasure",
  "related_assessments|assessment_reference|",
  "retention_period|date_or_period|1y,3y,6y,7y,custom,indefinitely",
  "retention_varies_by_category|yes_no|",
  "retention_by_category|text_long|",
  "security_measures|text_long|",
  "access_controls|text_long|",
  "rights_handling_override|text_long|",
  "purpose|text_long|",
  "lawful_basis|lawful_basis|consent,contract,legal_obligation,legitimate_interests,vital_interests,public_task",
  "data_categories|text_long|",
  "data_subjects|text_short|",
  "activity_owner|text_short|",
  "collection_sources|text_long|",
  "processing_operations|multi_choice|collection,recording,organisation,structuring,storage,adaptation,retrieval,consultation,use,disclosure_transmission,dissemination,combination,restriction,erasure",
  "related_assessments|assessment_reference|",
  "retention_period|date_or_period|1y,3y,6y,7y,custom,indefinitely",
  "retention_varies_by_category|yes_no|",
  "retention_by_category|text_long|",
  "security_measures|text_long|",
  "access_controls|text_long|",
  "rights_handling_override|text_long|",
  "info_card|single_choice|ack",
  "purpose|text_long|",
  "lawful_basis|lawful_basis|consent,contract,legal_obligation,legitimate_interests,vital_interests,public_task",
  "data_categories|text_long|",
  "data_subjects|text_short|",
  "activity_owner|text_short|",
  "collection_sources|text_long|",
  "processing_operations|multi_choice|collection,recording,organisation,structuring,storage,adaptation,retrieval,consultation,use,disclosure_transmission,dissemination,combination,restriction,erasure",
  "related_assessments|assessment_reference|",
  "retention_period|date_or_period|1y,3y,6y,7y,custom,indefinitely",
  "retention_varies_by_category|yes_no|",
  "retention_by_category|text_long|",
  "security_measures|text_long|",
  "access_controls|text_long|",
  "rights_handling_override|text_long|",
  "uses_processors|yes_no|",
  "processor_platform|text_long|",
  "purpose|text_long|",
  "lawful_basis|lawful_basis|consent,contract,legal_obligation,legitimate_interests,vital_interests,public_task",
  "data_categories|text_long|",
  "data_subjects|text_short|",
  "activity_owner|text_short|",
  "collection_sources|text_long|",
  "processing_operations|multi_choice|collection,recording,organisation,structuring,storage,adaptation,retrieval,consultation,use,disclosure_transmission,dissemination,combination,restriction,erasure",
  "related_assessments|assessment_reference|",
  "retention_period|date_or_period|1y,3y,6y,7y,custom,indefinitely",
  "retention_varies_by_category|yes_no|",
  "retention_by_category|text_long|",
  "security_measures|text_long|",
  "access_controls|text_long|",
  "rights_handling_override|text_long|",
  "purpose|text_long|",
  "lawful_basis|lawful_basis|consent,contract,legal_obligation,legitimate_interests,vital_interests,public_task",
  "data_categories|text_long|",
  "data_subjects|text_short|",
  "activity_owner|text_short|",
  "collection_sources|text_long|",
  "processing_operations|multi_choice|collection,recording,organisation,structuring,storage,adaptation,retrieval,consultation,use,disclosure_transmission,dissemination,combination,restriction,erasure",
  "related_assessments|assessment_reference|",
  "retention_period|date_or_period|1y,3y,6y,7y,custom,indefinitely",
  "retention_varies_by_category|yes_no|",
  "retention_by_category|text_long|",
  "security_measures|text_long|",
  "access_controls|text_long|",
  "rights_handling_override|text_long|",
  "purpose|text_long|",
  "lawful_basis|lawful_basis|consent,contract,legal_obligation,legitimate_interests,vital_interests,public_task",
  "data_categories|text_long|",
  "data_subjects|text_short|",
  "activity_owner|text_short|",
  "collection_sources|text_long|",
  "processing_operations|multi_choice|collection,recording,organisation,structuring,storage,adaptation,retrieval,consultation,use,disclosure_transmission,dissemination,combination,restriction,erasure",
  "related_assessments|assessment_reference|",
  "retention_period|date_or_period|1y,3y,6y,7y,custom,indefinitely",
  "retention_varies_by_category|yes_no|",
  "retention_by_category|text_long|",
  "security_measures|text_long|",
  "access_controls|text_long|",
  "rights_handling_override|text_long|",
  "purpose|text_long|",
  "lawful_basis|lawful_basis|consent,contract,legal_obligation,legitimate_interests,vital_interests,public_task",
  "data_categories|text_long|",
  "data_subjects|text_short|",
  "activity_owner|text_short|",
  "collection_sources|text_long|",
  "processing_operations|multi_choice|collection,recording,organisation,structuring,storage,adaptation,retrieval,consultation,use,disclosure_transmission,dissemination,combination,restriction,erasure",
  "related_assessments|assessment_reference|",
  "retention_period|date_or_period|1y,3y,6y,7y,custom,indefinitely",
  "retention_varies_by_category|yes_no|",
  "retention_by_category|text_long|",
  "security_measures|text_long|",
  "access_controls|text_long|",
  "rights_handling_override|text_long|",
  "purpose|text_long|",
  "lawful_basis|lawful_basis|consent,contract,legal_obligation,legitimate_interests,vital_interests,public_task",
  "data_categories|text_long|",
  "data_subjects|text_short|",
  "activity_owner|text_short|",
  "collection_sources|text_long|",
  "processing_operations|multi_choice|collection,recording,organisation,structuring,storage,adaptation,retrieval,consultation,use,disclosure_transmission,dissemination,combination,restriction,erasure",
  "related_assessments|assessment_reference|",
  "retention_period|date_or_period|1y,3y,6y,7y,custom,indefinitely",
  "retention_varies_by_category|yes_no|",
  "retention_by_category|text_long|",
  "security_measures|text_long|",
  "access_controls|text_long|",
  "rights_handling_override|text_long|",
  "info_card|single_choice|ack",
  "purpose|text_long|",
  "lawful_basis|lawful_basis|consent,contract,legal_obligation,legitimate_interests,vital_interests,public_task",
  "data_categories|text_long|",
  "data_subjects|text_short|",
  "activity_owner|text_short|",
  "collection_sources|text_long|",
  "processing_operations|multi_choice|collection,recording,organisation,structuring,storage,adaptation,retrieval,consultation,use,disclosure_transmission,dissemination,combination,restriction,erasure",
  "related_assessments|assessment_reference|",
  "retention_period|date_or_period|1y,3y,6y,7y,custom,indefinitely",
  "retention_varies_by_category|yes_no|",
  "retention_by_category|text_long|",
  "security_measures|text_long|",
  "access_controls|text_long|",
  "rights_handling_override|text_long|",
  "purpose|text_long|",
  "lawful_basis|lawful_basis|consent,contract,legal_obligation,legitimate_interests,vital_interests,public_task",
  "data_categories|text_long|",
  "data_subjects|text_short|",
  "activity_owner|text_short|",
  "collection_sources|text_long|",
  "processing_operations|multi_choice|collection,recording,organisation,structuring,storage,adaptation,retrieval,consultation,use,disclosure_transmission,dissemination,combination,restriction,erasure",
  "related_assessments|assessment_reference|",
  "retention_period|date_or_period|1y,3y,6y,7y,custom,indefinitely",
  "retention_varies_by_category|yes_no|",
  "retention_by_category|text_long|",
  "security_measures|text_long|",
  "access_controls|text_long|",
  "rights_handling_override|text_long|",
  "purpose|text_long|",
  "lawful_basis|lawful_basis|consent,contract,legal_obligation,legitimate_interests,vital_interests,public_task",
  "data_categories|text_long|",
  "data_subjects|text_short|",
  "activity_owner|text_short|",
  "collection_sources|text_long|",
  "processing_operations|multi_choice|collection,recording,organisation,structuring,storage,adaptation,retrieval,consultation,use,disclosure_transmission,dissemination,combination,restriction,erasure",
  "related_assessments|assessment_reference|",
  "retention_period|date_or_period|1y,3y,6y,7y,custom,indefinitely",
  "retention_varies_by_category|yes_no|",
  "retention_by_category|text_long|",
  "security_measures|text_long|",
  "access_controls|text_long|",
  "rights_handling_override|text_long|",
  "unsubscribe_mechanism|yes_no|",
  "purpose|text_long|",
  "lawful_basis|lawful_basis|consent,contract,legal_obligation,legitimate_interests,vital_interests,public_task",
  "data_categories|text_long|",
  "data_subjects|text_short|",
  "activity_owner|text_short|",
  "collection_sources|text_long|",
  "processing_operations|multi_choice|collection,recording,organisation,structuring,storage,adaptation,retrieval,consultation,use,disclosure_transmission,dissemination,combination,restriction,erasure",
  "related_assessments|assessment_reference|",
  "retention_period|date_or_period|1y,3y,6y,7y,custom,indefinitely",
  "retention_varies_by_category|yes_no|",
  "retention_by_category|text_long|",
  "security_measures|text_long|",
  "access_controls|text_long|",
  "rights_handling_override|text_long|",
  "info_card|single_choice|ack",
  "purpose|text_long|",
  "lawful_basis|lawful_basis|consent,contract,legal_obligation,legitimate_interests,vital_interests,public_task",
  "data_categories|text_long|",
  "data_subjects|text_short|",
  "activity_owner|text_short|",
  "collection_sources|text_long|",
  "processing_operations|multi_choice|collection,recording,organisation,structuring,storage,adaptation,retrieval,consultation,use,disclosure_transmission,dissemination,combination,restriction,erasure",
  "related_assessments|assessment_reference|",
  "retention_period|date_or_period|1y,3y,6y,7y,custom,indefinitely",
  "retention_varies_by_category|yes_no|",
  "retention_by_category|text_long|",
  "security_measures|text_long|",
  "access_controls|text_long|",
  "rights_handling_override|text_long|",
  "notices_displayed|yes_no|",
  "purpose|text_long|",
  "lawful_basis|lawful_basis|consent,contract,legal_obligation,legitimate_interests,vital_interests,public_task",
  "data_categories|text_long|",
  "data_subjects|text_short|",
  "activity_owner|text_short|",
  "collection_sources|text_long|",
  "processing_operations|multi_choice|collection,recording,organisation,structuring,storage,adaptation,retrieval,consultation,use,disclosure_transmission,dissemination,combination,restriction,erasure",
  "related_assessments|assessment_reference|",
  "retention_period|date_or_period|1y,3y,6y,7y,custom,indefinitely",
  "retention_varies_by_category|yes_no|",
  "retention_by_category|text_long|",
  "security_measures|text_long|",
  "access_controls|text_long|",
  "rights_handling_override|text_long|",
  "purpose|text_long|",
  "lawful_basis|lawful_basis|consent,contract,legal_obligation,legitimate_interests,vital_interests,public_task",
  "data_categories|text_long|",
  "data_subjects|text_short|",
  "activity_owner|text_short|",
  "collection_sources|text_long|",
  "processing_operations|multi_choice|collection,recording,organisation,structuring,storage,adaptation,retrieval,consultation,use,disclosure_transmission,dissemination,combination,restriction,erasure",
  "related_assessments|assessment_reference|",
  "retention_period|date_or_period|1y,3y,6y,7y,custom,indefinitely",
  "retention_varies_by_category|yes_no|",
  "retention_by_category|text_long|",
  "security_measures|text_long|",
  "access_controls|text_long|",
  "rights_handling_override|text_long|",
  "uses_processors|yes_no|",
  "processor_platform|text_long|",
  "purpose|text_long|",
  "lawful_basis|lawful_basis|consent,contract,legal_obligation,legitimate_interests,vital_interests,public_task",
  "data_categories|text_long|",
  "data_subjects|text_short|",
  "activity_owner|text_short|",
  "collection_sources|text_long|",
  "processing_operations|multi_choice|collection,recording,organisation,structuring,storage,adaptation,retrieval,consultation,use,disclosure_transmission,dissemination,combination,restriction,erasure",
  "related_assessments|assessment_reference|",
  "retention_period|date_or_period|1y,3y,6y,7y,custom,indefinitely",
  "retention_varies_by_category|yes_no|",
  "retention_by_category|text_long|",
  "security_measures|text_long|",
  "access_controls|text_long|",
  "rights_handling_override|text_long|",
  "uses_processors|yes_no|",
  "processor_platform|text_long|",
  "purpose|text_long|",
  "lawful_basis|lawful_basis|consent,contract,legal_obligation,legitimate_interests,vital_interests,public_task",
  "data_categories|text_long|",
  "data_subjects|text_short|",
  "activity_owner|text_short|",
  "collection_sources|text_long|",
  "processing_operations|multi_choice|collection,recording,organisation,structuring,storage,adaptation,retrieval,consultation,use,disclosure_transmission,dissemination,combination,restriction,erasure",
  "related_assessments|assessment_reference|",
  "retention_period|date_or_period|1y,3y,6y,7y,custom,indefinitely",
  "retention_varies_by_category|yes_no|",
  "retention_by_category|text_long|",
  "security_measures|text_long|",
  "access_controls|text_long|",
  "rights_handling_override|text_long|",
  "incident_log|yes_no|",
  "purpose|text_long|",
  "lawful_basis|lawful_basis|consent,contract,legal_obligation,legitimate_interests,vital_interests,public_task",
  "data_categories|text_long|",
  "data_subjects|text_short|",
  "activity_owner|text_short|",
  "collection_sources|text_long|",
  "processing_operations|multi_choice|collection,recording,organisation,structuring,storage,adaptation,retrieval,consultation,use,disclosure_transmission,dissemination,combination,restriction,erasure",
  "related_assessments|assessment_reference|",
  "retention_period|date_or_period|1y,3y,6y,7y,custom,indefinitely",
  "retention_varies_by_category|yes_no|",
  "retention_by_category|text_long|",
  "security_measures|text_long|",
  "access_controls|text_long|",
  "rights_handling_override|text_long|",
  "info_card|single_choice|ack",
  "purpose|text_long|",
  "lawful_basis|lawful_basis|consent,contract,legal_obligation,legitimate_interests,vital_interests,public_task",
  "data_categories|text_long|",
  "data_subjects|text_short|",
  "activity_owner|text_short|",
  "collection_sources|text_long|",
  "processing_operations|multi_choice|collection,recording,organisation,structuring,storage,adaptation,retrieval,consultation,use,disclosure_transmission,dissemination,combination,restriction,erasure",
  "related_assessments|assessment_reference|",
  "retention_period|date_or_period|1y,3y,6y,7y,custom,indefinitely",
  "retention_varies_by_category|yes_no|",
  "retention_by_category|text_long|",
  "security_measures|text_long|",
  "access_controls|text_long|",
  "rights_handling_override|text_long|",
  "transfer_mechanism|single_choice|sccs,adequacy,bcrs,derogations,none",
  "purpose|text_long|",
  "lawful_basis|lawful_basis|consent,contract,legal_obligation,legitimate_interests,vital_interests,public_task",
  "data_categories|text_long|",
  "data_subjects|text_short|",
  "activity_owner|text_short|",
  "collection_sources|text_long|",
  "processing_operations|multi_choice|collection,recording,organisation,structuring,storage,adaptation,retrieval,consultation,use,disclosure_transmission,dissemination,combination,restriction,erasure",
  "related_assessments|assessment_reference|",
  "retention_period|date_or_period|1y,3y,6y,7y,custom,indefinitely",
  "retention_varies_by_category|yes_no|",
  "retention_by_category|text_long|",
  "security_measures|text_long|",
  "access_controls|text_long|",
  "rights_handling_override|text_long|",
  "uses_processors|yes_no|",
  "processor_platform|text_long|",
]
`;

exports[`INTAKE-2 — persisted contract identity > US builder keys, types and stored option values are unchanged 1`] = `
[
  "business_name|text_short|",
  "business_description|text_long|",
  "contact_email|text_short|",
  "data_categories|multi_choice|identifiers,commercial,internet_activity,geolocation,audio_visual,professional,education,financial,health_medical,biometric,race_ethnicity,religion,sexual_orientation,citizenship,mental_health,children,other",
  "collection_purposes|multi_choice|service_delivery,account_management,marketing,analytics,advertising,legal_compliance,security,research,other",
  "third_party_sharing|yes_no|",
  "third_party_categories|multi_choice|service_providers,analytics,advertising,social_media,business_partners,affiliates,law_enforcement,other",
  "sale_or_sharing|single_choice|sell_and_share,sell_only,share_only,no,not_sure",
  "retention_general|date_or_period|",
  "tools_used|platform_search|",
  "ccpa_sensitive_data|single_choice|yes,no,unsure",
  "ccpa_financial_incentive|yes_no|",
  "ccpa_minors|yes_no|",
  "ccpa_admt|yes_no_unsure|",
  "vam_controller_processor_role|single_choice|controller,processor,both,unsure",
  "vam_sensitive_data_consent|single_choice|yes_consent,no_sensitive,no_consent,unsure",
  "vam_targeted_advertising_optout|single_choice|yes_link_and_uoom,yes_link_only,no,not_applicable",
  "vam_profiling|yes_no_unsure|",
  "vam_dpa_or_assessment|yes_no_unsure|",
  "vam_appeals_process|yes_no|",
  "vam_appeals_method|text_long|",
  "md_data_minimisation|single_choice|yes_strict,broader,unsure",
  "md_sensitive_data_sale|yes_no|",
  "md_minor_targeted_ads|yes_no_unsure|",
  "md_consumer_health_data|yes_no_unsure|",
  "md_precise_geolocation|yes_no|",
  "fl_scope_confirmation|single_choice|yes,no,unsure",
  "fl_sensitive_geolocation|yes_no|",
  "fl_government_moderation|yes_no_unsure|",
  "fl_children_known|yes_no_unsure|",
  "co_uoom_honored|yes_no_unsure|",
  "tx_small_business_carveout|yes_no|",
  "ct_consumer_health_data|yes_no_unsure|",
  "or_specific_third_parties|yes_no_unsure|",
  "fl_biometric|yes_no|",
  "fl_profiling_opt_out|yes_no|",
  "fl_known_children|yes_no|",
]
`;
